═══════════════════════════════════════════════════════════════════
Running: tree=heggarty2024, level=secondorder
═══════════════════════════════════════════════════════════════════

Warning message:
package ‘Rcpp’ was built under R version 4.4.3 
Loading required package: foreach
Loading required package: iterators
Loading required package: parallel
Warning message:
package ‘iterators’ was built under R version 4.4.3 
Compiling Stan program...
Start sampling

SAMPLING FOR MODEL 'anon_model' NOW (CHAIN 1).
Chain 1: 
Chain 1: Gradient evaluation took 3.1e-05 seconds
Chain 1: 1000 transitions using 10 leapfrog steps per transition would take 0.31 seconds.
Chain 1: Adjust your expectations accordingly!
Chain 1: 
Chain 1: 
Chain 1: Iteration:    1 / 6000 [  0%]  (Warmup)

SAMPLING FOR MODEL 'anon_model' NOW (CHAIN 2).
Chain 2: 
Chain 2: Gradient evaluation took 3.1e-05 seconds
Chain 2: 1000 transitions using 10 leapfrog steps per transition would take 0.31 seconds.
Chain 2: Adjust your expectations accordingly!
Chain 2: 
Chain 2: 
Chain 2: Iteration:    1 / 6000 [  0%]  (Warmup)

SAMPLING FOR MODEL 'anon_model' NOW (CHAIN 3).
Chain 3: 
Chain 3: Gradient evaluation took 2.5e-05 seconds
Chain 3: 1000 transitions using 10 leapfrog steps per transition would take 0.25 seconds.
Chain 3: Adjust your expectations accordingly!
Chain 3: 
Chain 3: 

SAMPLING FOR MODEL 'anon_model' NOW (CHAIN 4).
Chain 3: Iteration:    1 / 6000 [  0%]  (Warmup)
Chain 4: 
Chain 4: Gradient evaluation took 2.2e-05 seconds
Chain 4: 1000 transitions using 10 leapfrog steps per transition would take 0.22 seconds.
Chain 4: Adjust your expectations accordingly!
Chain 4: 
Chain 4: 
Chain 4: Iteration:    1 / 6000 [  0%]  (Warmup)
Chain 2: Iteration:  500 / 6000 [  8%]  (Warmup)
Chain 4: Iteration:  500 / 6000 [  8%]  (Warmup)
Chain 1: Iteration:  500 / 6000 [  8%]  (Warmup)
Chain 3: Iteration:  500 / 6000 [  8%]  (Warmup)
Chain 2: Iteration: 1000 / 6000 [ 16%]  (Warmup)
Chain 1: Iteration: 1000 / 6000 [ 16%]  (Warmup)
Chain 3: Iteration: 1000 / 6000 [ 16%]  (Warmup)
Chain 4: Iteration: 1000 / 6000 [ 16%]  (Warmup)
Chain 3: Iteration: 1500 / 6000 [ 25%]  (Warmup)
Chain 1: Iteration: 1500 / 6000 [ 25%]  (Warmup)
Chain 4: Iteration: 1500 / 6000 [ 25%]  (Warmup)
Chain 3: Iteration: 2000 / 6000 [ 33%]  (Warmup)
Chain 3: Iteration: 2001 / 6000 [ 33%]  (Sampling)
Chain 1: Iteration: 2000 / 6000 [ 33%]  (Warmup)
Chain 1: Iteration: 2001 / 6000 [ 33%]  (Sampling)
Chain 4: Iteration: 2000 / 6000 [ 33%]  (Warmup)
Chain 4: Iteration: 2001 / 6000 [ 33%]  (Sampling)
Chain 3: Iteration: 2500 / 6000 [ 41%]  (Sampling)
Chain 1: Iteration: 2500 / 6000 [ 41%]  (Sampling)
Chain 4: Iteration: 2500 / 6000 [ 41%]  (Sampling)
Chain 3: Iteration: 3000 / 6000 [ 50%]  (Sampling)
Chain 1: Iteration: 3000 / 6000 [ 50%]  (Sampling)
Chain 2: Iteration: 1500 / 6000 [ 25%]  (Warmup)
Chain 3: Iteration: 3500 / 6000 [ 58%]  (Sampling)
Chain 1: Iteration: 3500 / 6000 [ 58%]  (Sampling)
Chain 4: Iteration: 3000 / 6000 [ 50%]  (Sampling)
Chain 2: Iteration: 2000 / 6000 [ 33%]  (Warmup)
Chain 2: Iteration: 2001 / 6000 [ 33%]  (Sampling)
Chain 1: Iteration: 4000 / 6000 [ 66%]  (Sampling)
Chain 3: Iteration: 4000 / 6000 [ 66%]  (Sampling)
Chain 2: Iteration: 2500 / 6000 [ 41%]  (Sampling)
Chain 1: Iteration: 4500 / 6000 [ 75%]  (Sampling)
Chain 3: Iteration: 4500 / 6000 [ 75%]  (Sampling)
Chain 4: Iteration: 3500 / 6000 [ 58%]  (Sampling)
Chain 2: Iteration: 3000 / 6000 [ 50%]  (Sampling)
Chain 1: Iteration: 5000 / 6000 [ 83%]  (Sampling)
Chain 3: Iteration: 5000 / 6000 [ 83%]  (Sampling)
Chain 4: Iteration: 4000 / 6000 [ 66%]  (Sampling)
Chain 2: Iteration: 3500 / 6000 [ 58%]  (Sampling)
Chain 3: Iteration: 5500 / 6000 [ 91%]  (Sampling)
Chain 1: Iteration: 5500 / 6000 [ 91%]  (Sampling)
Chain 2: Iteration: 4000 / 6000 [ 66%]  (Sampling)
Chain 3: Iteration: 6000 / 6000 [100%]  (Sampling)
Chain 3: 
Chain 3:  Elapsed Time: 0.958 seconds (Warm-up)
Chain 3:                1.496 seconds (Sampling)
Chain 3:                2.454 seconds (Total)
Chain 3: 
Chain 1: Iteration: 6000 / 6000 [100%]  (Sampling)
Chain 1: 
Chain 1:  Elapsed Time: 0.966 seconds (Warm-up)
Chain 1:                1.501 seconds (Sampling)
Chain 1:                2.467 seconds (Total)
Chain 1: 
Chain 4: Iteration: 4500 / 6000 [ 75%]  (Sampling)
Chain 2: Iteration: 4500 / 6000 [ 75%]  (Sampling)
Chain 4: Iteration: 5000 / 6000 [ 83%]  (Sampling)
Chain 2: Iteration: 5000 / 6000 [ 83%]  (Sampling)
Chain 4: Iteration: 5500 / 6000 [ 91%]  (Sampling)
Chain 2: Iteration: 5500 / 6000 [ 91%]  (Sampling)
Chain 2: Iteration: 6000 / 6000 [100%]  (Sampling)
Chain 2: 
Chain 2:  Elapsed Time: 1.713 seconds (Warm-up)
Chain 2:                1.467 seconds (Sampling)
Chain 2:                3.18 seconds (Total)
Chain 2: 
Chain 4: Iteration: 6000 / 6000 [100%]  (Sampling)
Chain 4: 
Chain 4:  Elapsed Time: 1.007 seconds (Warm-up)
Chain 4:                2.254 seconds (Sampling)
Chain 4:                3.261 seconds (Total)
Chain 4: 
Warning messages:
1: There were 43 divergent transitions after warmup. See
https://mc-stan.org/misc/warnings.html#divergent-transitions-after-warmup
to find out why this is a problem and how to eliminate them. 
2: Examine the pairs() plot to diagnose sampling problems
 
Divergent transitions: 43 (0.27%)
Warning message:
There were 43 divergent transitions after warmup. Increasing adapt_delta above 0.99 may help. See http://mc-stan.org/misc/warnings.html#divergent-transitions-after-warmup 
Max Rhat: 1.000 | Min Bulk ESS: 4294 | Min Tail ESS: 4367

Posterior summaries:
                                       Estimate Est.Error   CI_lower
Intercept                           -5.94342849 0.1913361 -6.3249502
longitude_norm                      -0.14463764 0.1733536 -0.4878191
latitude_norm                       -0.01970959 0.1937277 -0.3826307
log_n_speakers_norm                  0.07493877 0.1210272 -0.1657076
n_segments_norm                      0.10367994 0.1264652 -0.1450470
delta_norm                           0.12601225 0.2488907 -0.3666212
longitude_norm:latitude_norm        -0.24002583 0.1538872 -0.5426270
longitude_norm:log_n_speakers_norm   0.05529050 0.1732142 -0.2836935
longitude_norm:n_segments_norm       0.10633092 0.2033032 -0.2901626
longitude_norm:delta_norm           -0.28180576 0.2841523 -0.8431297
latitude_norm:log_n_speakers_norm    0.07217720 0.1498358 -0.2254804
latitude_norm:n_segments_norm        0.31841539 0.2178158 -0.1139017
latitude_norm:delta_norm            -0.29752807 0.3209697 -0.9302796
log_n_speakers_norm:n_segments_norm  0.20965082 0.1683395 -0.1253866
log_n_speakers_norm:delta_norm       0.03223927 0.2813640 -0.5274006
n_segments_norm:delta_norm           0.33599711 0.2350515 -0.1345452
                                       CI_upper
Intercept                           -5.55636204
longitude_norm                       0.19388816
latitude_norm                        0.38822666
log_n_speakers_norm                  0.31652718
n_segments_norm                      0.35878157
delta_norm                           0.61668644
longitude_norm:latitude_norm         0.06313243
longitude_norm:log_n_speakers_norm   0.39737938
longitude_norm:n_segments_norm       0.50208161
longitude_norm:delta_norm            0.28690241
latitude_norm:log_n_speakers_norm    0.36894339
latitude_norm:n_segments_norm        0.74573623
latitude_norm:delta_norm             0.34457075
log_n_speakers_norm:n_segments_norm  0.53439400
log_n_speakers_norm:delta_norm       0.58708352
n_segments_norm:delta_norm           0.80419770

Bayes R²: 0.453 (95% CI: 0.121 - 0.778)
