═══════════════════════════════════════════════════════════════════
Running: tree=heggarty2024, level=main_only
═══════════════════════════════════════════════════════════════════

Warning message:
package ‘Rcpp’ was built under R version 4.4.3 
Loading required package: foreach
Loading required package: iterators
Loading required package: parallel
Warning message:
package ‘iterators’ was built under R version 4.4.3 
Compiling Stan program...
Start sampling

SAMPLING FOR MODEL 'anon_model' NOW (CHAIN 1).
Chain 1: 
Chain 1: Gradient evaluation took 2.8e-05 seconds
Chain 1: 1000 transitions using 10 leapfrog steps per transition would take 0.28 seconds.
Chain 1: Adjust your expectations accordingly!
Chain 1: 
Chain 1: 
Chain 1: Iteration:    1 / 6000 [  0%]  (Warmup)

SAMPLING FOR MODEL 'anon_model' NOW (CHAIN 2).
Chain 2: 
Chain 2: Gradient evaluation took 2.6e-05 seconds
Chain 2: 1000 transitions using 10 leapfrog steps per transition would take 0.26 seconds.
Chain 2: Adjust your expectations accordingly!
Chain 2: 
Chain 2: 
Chain 2: Iteration:    1 / 6000 [  0%]  (Warmup)

SAMPLING FOR MODEL 'anon_model' NOW (CHAIN 3).

SAMPLING FOR MODEL 'anon_model' NOW (CHAIN 4).
Chain 3: 
Chain 3: Gradient evaluation took 4.9e-05 seconds
Chain 3: 1000 transitions using 10 leapfrog steps per transition would take 0.49 seconds.
Chain 3: Adjust your expectations accordingly!
Chain 3: 
Chain 3: 
Chain 3: Chain Iteration:    1 / 6000 [  0%]  (Warmup)4
: 
Chain 4: Gradient evaluation took 2.7e-05 seconds
Chain 4: 1000 transitions using 10 leapfrog steps per transition would take 0.27 seconds.
Chain 4: Adjust your expectations accordingly!
Chain 4: 
Chain 4: 
Chain 4: Iteration:    1 / 6000 [  0%]  (Warmup)
Chain 3: Iteration:  500 / 6000 [  8%]  (Warmup)
Chain 4: Iteration:  500 / 6000 [  8%]  (Warmup)
Chain 3: Iteration: 1000 / 6000 [ 16%]  (Warmup)
Chain 2: Iteration:  500 / 6000 [  8%]  (Warmup)
Chain 1: Iteration:  500 / 6000 [  8%]  (Warmup)
Chain 4: Iteration: 1000 / 6000 [ 16%]  (Warmup)
Chain 3: Iteration: 1500 / 6000 [ 25%]  (Warmup)
Chain 1: Iteration: 1000 / 6000 [ 16%]  (Warmup)
Chain 2: Iteration: 1000 / 6000 [ 16%]  (Warmup)
Chain 4: Iteration: 1500 / 6000 [ 25%]  (Warmup)
Chain 3: Iteration: 2000 / 6000 [ 33%]  (Warmup)
Chain 3: Iteration: 2001 / 6000 [ 33%]  (Sampling)
Chain 1: Iteration: 1500 / 6000 [ 25%]  (Warmup)
Chain 4: Iteration: 2000 / 6000 [ 33%]  (Warmup)
Chain 4: Iteration: 2001 / 6000 [ 33%]  (Sampling)
Chain 3: Iteration: 2500 / 6000 [ 41%]  (Sampling)
Chain 2: Iteration: 1500 / 6000 [ 25%]  (Warmup)
Chain 3: Iteration: 3000 / 6000 [ 50%]  (Sampling)
Chain 4: Iteration: 2500 / 6000 [ 41%]  (Sampling)
Chain 2: Iteration: 2000 / 6000 [ 33%]  (Warmup)
Chain 2: Iteration: 2001 / 6000 [ 33%]  (Sampling)
Chain 1: Iteration: 2000 / 6000 [ 33%]  (Warmup)
Chain 1: Iteration: 2001 / 6000 [ 33%]  (Sampling)
Chain 3: Iteration: 3500 / 6000 [ 58%]  (Sampling)
Chain 2: Iteration: 2500 / 6000 [ 41%]  (Sampling)
Chain 4: Iteration: 3000 / 6000 [ 50%]  (Sampling)
Chain 3: Iteration: 4000 / 6000 [ 66%]  (Sampling)
Chain 2: Iteration: 3000 / 6000 [ 50%]  (Sampling)
Chain 3: Iteration: 4500 / 6000 [ 75%]  (Sampling)
Chain 2: Iteration: 3500 / 6000 [ 58%]  (Sampling)
Chain 4: Iteration: 3500 / 6000 [ 58%]  (Sampling)
Chain 1: Iteration: 2500 / 6000 [ 41%]  (Sampling)
Chain 3: Iteration: 5000 / 6000 [ 83%]  (Sampling)
Chain 2: Iteration: 4000 / 6000 [ 66%]  (Sampling)
Chain 4: Iteration: 4000 / 6000 [ 66%]  (Sampling)
Chain 3: Iteration: 5500 / 6000 [ 91%]  (Sampling)
Chain 2: Iteration: 4500 / 6000 [ 75%]  (Sampling)
Chain 2: Iteration: 5000 / 6000 [ 83%]  (Sampling)
Chain 3: Iteration: 6000 / 6000 [100%]  (Sampling)
Chain 3: 
Chain 3:  Elapsed Time: 0.486 seconds (Warm-up)
Chain 3:                0.785 seconds (Sampling)
Chain 3:                1.271 seconds (Total)
Chain 3: 
Chain 4: Iteration: 4500 / 6000 [ 75%]  (Sampling)
Chain 2: Iteration: 5500 / 6000 [ 91%]  (Sampling)
Chain 1: Iteration: 3000 / 6000 [ 50%]  (Sampling)
Chain 2: Iteration: 6000 / 6000 [100%]  (Sampling)
Chain 2: 
Chain 2:  Elapsed Time: 0.745 seconds (Warm-up)
Chain 2:                0.671 seconds (Sampling)
Chain 2:                1.416 seconds (Total)
Chain 2: 
Chain 4: Iteration: 5000 / 6000 [ 83%]  (Sampling)
Chain 4: Iteration: 5500 / 6000 [ 91%]  (Sampling)
Chain 1: Iteration: 3500 / 6000 [ 58%]  (Sampling)
Chain 4: Iteration: 6000 / 6000 [100%]  (Sampling)
Chain 4: 
Chain 4:  Elapsed Time: 0.567 seconds (Warm-up)
Chain 4:                1.155 seconds (Sampling)
Chain 4:                1.722 seconds (Total)
Chain 4: 
Chain 1: Iteration: 4000 / 6000 [ 66%]  (Sampling)
Chain 1: Iteration: 4500 / 6000 [ 75%]  (Sampling)
Chain 1: Iteration: 5000 / 6000 [ 83%]  (Sampling)
Chain 1: Iteration: 5500 / 6000 [ 91%]  (Sampling)
Chain 1: Iteration: 6000 / 6000 [100%]  (Sampling)
Chain 1: 
Chain 1:  Elapsed Time: 0.76 seconds (Warm-up)
Chain 1:                2.577 seconds (Sampling)
Chain 1:                3.337 seconds (Total)
Chain 1: 
Warning messages:
1: There were 168 divergent transitions after warmup. See
https://mc-stan.org/misc/warnings.html#divergent-transitions-after-warmup
to find out why this is a problem and how to eliminate them. 
2: Examine the pairs() plot to diagnose sampling problems
 
3: Tail Effective Samples Size (ESS) is too low, indicating posterior variances and tail quantiles may be unreliable.
Running the chains for more iterations may help. See
https://mc-stan.org/misc/warnings.html#tail-ess 
Divergent transitions: 168 (1.05%)
Warning message:
There were 168 divergent transitions after warmup. Increasing adapt_delta above 0.99 may help. See http://mc-stan.org/misc/warnings.html#divergent-transitions-after-warmup 
Max Rhat: 1.006 | Min Bulk ESS: 719 | Min Tail ESS: 170

Posterior summaries:
                       Estimate  Est.Error   CI_lower    CI_upper
Intercept           -5.85247851 0.10378681 -6.0979166 -5.65459595
longitude_norm       0.10832180 0.11502682 -0.1159930  0.33135410
latitude_norm       -0.05222627 0.12154453 -0.2780091  0.22280449
log_n_speakers_norm -0.02220590 0.07263624 -0.1681625  0.11824890
n_segments_norm     -0.01520363 0.07595868 -0.1650734  0.13275028
delta_norm          -0.10960267 0.07654689 -0.2580189  0.05153597

Bayes R²: 0.287 (95% CI: 0.113 - 0.544)
✔️ Posterior samples written to speech_phylo/final_phyloregression_results/variance_samples_linear_main_only_heggarty2024_standard.csv 
✔️ Coefficient samples written to speech_phylo/final_phyloregression_results/coef_samples_linear_main_only_heggarty2024_standard.csv 
✔️ CSV results written to speech_phylo/final_phyloregression_results/phylolm_linear_main_only_heggarty2024_standard.csv 

══════════════════════════════════════════════════════════════════
COMPLETED: heggarty2024 × main_only
══════════════════════════════════════════════════════════════════
  R²: 0.157 (95% CI: -0.137 – 0.433)
  Phylogenetic: 17.9%
  Residual: 84.3%
══════════════════════════════════════════════════════════════════
