═══════════════════════════════════════════════════════════════════
Running: tree=long_v3_CCD0.0.25, level=fourthorder
═══════════════════════════════════════════════════════════════════

Warning message:
package ‘Rcpp’ was built under R version 4.4.3 
Loading required package: foreach
Loading required package: iterators
Loading required package: parallel
Warning message:
package ‘iterators’ was built under R version 4.4.3 
Compiling Stan program...
Start sampling

SAMPLING FOR MODEL 'anon_model' NOW (CHAIN 1).
Chain 1: 
Chain 1: Gradient evaluation took 3.4e-05 seconds
Chain 1: 1000 transitions using 10 leapfrog steps per transition would take 0.34 seconds.
Chain 1: Adjust your expectations accordingly!
Chain 1: 
Chain 1: 
Chain 1: Iteration:    1 / 6000 [  0%]  (Warmup)

SAMPLING FOR MODEL 'anon_model' NOW (CHAIN 2).
Chain 2: 
Chain 2: Gradient evaluation took 3.2e-05 seconds
Chain 2: 1000 transitions using 10 leapfrog steps per transition would take 0.32 seconds.
Chain 2: Adjust your expectations accordingly!
Chain 2: 
Chain 2: 
Chain 2: Iteration:    1 / 6000 [  0%]  (Warmup)

SAMPLING FOR MODEL 'anon_model' NOW (CHAIN 3).
Chain 3: 
Chain 3: Gradient evaluation took 3.1e-05 seconds
Chain 3: 1000 transitions using 10 leapfrog steps per transition would take 0.31 seconds.
Chain 3: Adjust your expectations accordingly!
Chain 3: 
Chain 3: 
Chain 3: Iteration:    1 / 6000 [  0%]  (Warmup)

SAMPLING FOR MODEL 'anon_model' NOW (CHAIN 4).
Chain 4: 
Chain 4: Gradient evaluation took 6.4e-05 seconds
Chain 4: 1000 transitions using 10 leapfrog steps per transition would take 0.64 seconds.
Chain 4: Adjust your expectations accordingly!
Chain 4: 
Chain 4: 
Chain 4: Iteration:    1 / 6000 [  0%]  (Warmup)
Chain 3: Iteration:  500 / 6000 [  8%]  (Warmup)
Chain 1: Iteration:  500 / 6000 [  8%]  (Warmup)
Chain 2: Iteration:  500 / 6000 [  8%]  (Warmup)
Chain 3: Iteration: 1000 / 6000 [ 16%]  (Warmup)
Chain 2: Iteration: 1000 / 6000 [ 16%]  (Warmup)
Chain 3: Iteration: 1500 / 6000 [ 25%]  (Warmup)
Chain 2: Iteration: 1500 / 6000 [ 25%]  (Warmup)
Chain 3: Iteration: 2000 / 6000 [ 33%]  (Warmup)
Chain 3: Iteration: 2001 / 6000 [ 33%]  (Sampling)
Chain 3: Iteration: 2500 / 6000 [ 41%]  (Sampling)
Chain 4: Iteration:  500 / 6000 [  8%]  (Warmup)
Chain 2: Iteration: 2000 / 6000 [ 33%]  (Warmup)
Chain 2: Iteration: 2001 / 6000 [ 33%]  (Sampling)
Chain 3: Iteration: 3000 / 6000 [ 50%]  (Sampling)
Chain 3: Iteration: 3500 / 6000 [ 58%]  (Sampling)
Chain 3: Iteration: 4000 / 6000 [ 66%]  (Sampling)
Chain 2: Iteration: 2500 / 6000 [ 41%]  (Sampling)
Chain 3: Iteration: 4500 / 6000 [ 75%]  (Sampling)
Chain 4: Iteration: 1000 / 6000 [ 16%]  (Warmup)
Chain 3: Iteration: 5000 / 6000 [ 83%]  (Sampling)
Chain 4: Iteration: 1500 / 6000 [ 25%]  (Warmup)
Chain 3: Iteration: 5500 / 6000 [ 91%]  (Sampling)
Chain 4: Iteration: 2000 / 6000 [ 33%]  (Warmup)
Chain 4: Iteration: 2001 / 6000 [ 33%]  (Sampling)
Chain 2: Iteration: 3000 / 6000 [ 50%]  (Sampling)
Chain 3: Iteration: 6000 / 6000 [100%]  (Sampling)
Chain 3: 
Chain 3:  Elapsed Time: 2.158 seconds (Warm-up)
Chain 3:                3.088 seconds (Sampling)
Chain 3:                5.246 seconds (Total)
Chain 3: 
Chain 4: Iteration: 2500 / 6000 [ 41%]  (Sampling)
Chain 2: Iteration: 3500 / 6000 [ 58%]  (Sampling)
Chain 4: Iteration: 3000 / 6000 [ 50%]  (Sampling)
Chain 1: Iteration: 1000 / 6000 [ 16%]  (Warmup)
Chain 4: Iteration: 3500 / 6000 [ 58%]  (Sampling)
Chain 2: Iteration: 4000 / 6000 [ 66%]  (Sampling)
Chain 4: Iteration: 4000 / 6000 [ 66%]  (Sampling)
Chain 2: Iteration: 4500 / 6000 [ 75%]  (Sampling)
Chain 4: Iteration: 4500 / 6000 [ 75%]  (Sampling)
Chain 4: Iteration: 5000 / 6000 [ 83%]  (Sampling)
Chain 2: Iteration: 5000 / 6000 [ 83%]  (Sampling)
Chain 1: Iteration: 1500 / 6000 [ 25%]  (Warmup)
Chain 4: Iteration: 5500 / 6000 [ 91%]  (Sampling)
Chain 1: Iteration: 2000 / 6000 [ 33%]  (Warmup)
Chain 1: Iteration: 2001 / 6000 [ 33%]  (Sampling)
Chain 2: Iteration: 5500 / 6000 [ 91%]  (Sampling)
Chain 4: Iteration: 6000 / 6000 [100%]  (Sampling)
Chain 4: 
Chain 4:  Elapsed Time: 4.967 seconds (Warm-up)
Chain 4:                6.604 seconds (Sampling)
Chain 4:                11.571 seconds (Total)
Chain 4: 
Chain 1: Iteration: 2500 / 6000 [ 41%]  (Sampling)
Chain 2: Iteration: 6000 / 6000 [100%]  (Sampling)
Chain 2: 
Chain 2:  Elapsed Time: 2.797 seconds (Warm-up)
Chain 2:                9.864 seconds (Sampling)
Chain 2:                12.661 seconds (Total)
Chain 2: 
Chain 1: Iteration: 3000 / 6000 [ 50%]  (Sampling)
Chain 1: Iteration: 3500 / 6000 [ 58%]  (Sampling)
Chain 1: Iteration: 4000 / 6000 [ 66%]  (Sampling)
Chain 1: Iteration: 4500 / 6000 [ 75%]  (Sampling)
Chain 1: Iteration: 5000 / 6000 [ 83%]  (Sampling)
Chain 1: Iteration: 5500 / 6000 [ 91%]  (Sampling)
Chain 1: Iteration: 6000 / 6000 [100%]  (Sampling)
Chain 1: 
Chain 1:  Elapsed Time: 11.04 seconds (Warm-up)
Chain 1:                10.53 seconds (Sampling)
Chain 1:                21.57 seconds (Total)
Chain 1: 
Warning messages:
1: There were 77 divergent transitions after warmup. See
https://mc-stan.org/misc/warnings.html#divergent-transitions-after-warmup
to find out why this is a problem and how to eliminate them. 
2: There were 4 chains where the estimated Bayesian Fraction of Missing Information was low. See
https://mc-stan.org/misc/warnings.html#bfmi-low 
3: Examine the pairs() plot to diagnose sampling problems
 
4: Bulk Effective Samples Size (ESS) is too low, indicating posterior means and medians may be unreliable.
Running the chains for more iterations may help. See
https://mc-stan.org/misc/warnings.html#bulk-ess 
5: Tail Effective Samples Size (ESS) is too low, indicating posterior variances and tail quantiles may be unreliable.
Running the chains for more iterations may help. See
https://mc-stan.org/misc/warnings.html#tail-ess 
Divergent transitions: 77 (0.48%)
Warning message:
There were 77 divergent transitions after warmup. Increasing adapt_delta above 0.99 may help. See http://mc-stan.org/misc/warnings.html#divergent-transitions-after-warmup 
Max Rhat: 1.002 | Min Bulk ESS: 11903 | Min Tail ESS: 7922

Posterior summaries:
                                                                    Estimate
Intercept                                                         1.27067400
longitude_norm                                                   -0.66001647
latitude_norm                                                     0.01312566
log_n_speakers_norm                                              -0.64260690
n_segments_norm                                                   0.51899056
delta_norm                                                        0.16931003
longitude_norm:latitude_norm                                     -0.90304937
longitude_norm:log_n_speakers_norm                               -0.54441946
longitude_norm:n_segments_norm                                    1.27296221
longitude_norm:delta_norm                                        -0.67283029
latitude_norm:log_n_speakers_norm                                 0.20679761
latitude_norm:n_segments_norm                                    -0.14163805
latitude_norm:delta_norm                                         -1.26385174
log_n_speakers_norm:n_segments_norm                              -0.34420274
log_n_speakers_norm:delta_norm                                    0.40076254
n_segments_norm:delta_norm                                        0.24105166
longitude_norm:latitude_norm:log_n_speakers_norm                 -0.72685708
longitude_norm:latitude_norm:n_segments_norm                      1.00767265
longitude_norm:latitude_norm:delta_norm                          -0.17298033
longitude_norm:log_n_speakers_norm:n_segments_norm                0.02154703
longitude_norm:log_n_speakers_norm:delta_norm                    -0.04510042
longitude_norm:n_segments_norm:delta_norm                        -0.92858591
latitude_norm:log_n_speakers_norm:n_segments_norm                -0.72172530
latitude_norm:log_n_speakers_norm:delta_norm                     -0.85409061
latitude_norm:n_segments_norm:delta_norm                          0.20313405
log_n_speakers_norm:n_segments_norm:delta_norm                    0.73140792
longitude_norm:latitude_norm:log_n_speakers_norm:n_segments_norm  0.76500414
longitude_norm:latitude_norm:log_n_speakers_norm:delta_norm       0.83079190
longitude_norm:latitude_norm:n_segments_norm:delta_norm          -0.12767609
longitude_norm:log_n_speakers_norm:n_segments_norm:delta_norm     0.32589867
latitude_norm:log_n_speakers_norm:n_segments_norm:delta_norm      0.80706799
                                                                 Est.Error
Intercept                                                        0.4970019
longitude_norm                                                   0.4800566
latitude_norm                                                    0.2825153
log_n_speakers_norm                                              0.5221650
n_segments_norm                                                  0.3649522
delta_norm                                                       0.2425891
longitude_norm:latitude_norm                                     0.6029552
longitude_norm:log_n_speakers_norm                               0.4324822
longitude_norm:n_segments_norm                                   0.7656745
longitude_norm:delta_norm                                        0.4042807
latitude_norm:log_n_speakers_norm                                0.3027218
latitude_norm:n_segments_norm                                    0.3996035
latitude_norm:delta_norm                                         0.7260969
log_n_speakers_norm:n_segments_norm                              0.3618979
log_n_speakers_norm:delta_norm                                   0.3412582
n_segments_norm:delta_norm                                       0.2677280
longitude_norm:latitude_norm:log_n_speakers_norm                 0.6379089
longitude_norm:latitude_norm:n_segments_norm                     0.7329944
longitude_norm:latitude_norm:delta_norm                          0.3632785
longitude_norm:log_n_speakers_norm:n_segments_norm               0.4813064
longitude_norm:log_n_speakers_norm:delta_norm                    0.3842893
longitude_norm:n_segments_norm:delta_norm                        0.6702513
latitude_norm:log_n_speakers_norm:n_segments_norm                0.5108441
latitude_norm:log_n_speakers_norm:delta_norm                     0.5323904
latitude_norm:n_segments_norm:delta_norm                         0.4635201
log_n_speakers_norm:n_segments_norm:delta_norm                   0.4450547
longitude_norm:latitude_norm:log_n_speakers_norm:n_segments_norm 0.9579974
longitude_norm:latitude_norm:log_n_speakers_norm:delta_norm      0.5804258
longitude_norm:latitude_norm:n_segments_norm:delta_norm          0.4470707
longitude_norm:log_n_speakers_norm:n_segments_norm:delta_norm    0.4162057
latitude_norm:log_n_speakers_norm:n_segments_norm:delta_norm     0.4663980
                                                                   CI_lower
Intercept                                                         0.2819491
longitude_norm                                                   -1.5904386
latitude_norm                                                    -0.5521933
log_n_speakers_norm                                              -1.6605667
n_segments_norm                                                  -0.2337278
delta_norm                                                       -0.3108858
longitude_norm:latitude_norm                                     -2.0819722
longitude_norm:log_n_speakers_norm                               -1.4086807
longitude_norm:n_segments_norm                                   -0.3414266
longitude_norm:delta_norm                                        -1.4669564
latitude_norm:log_n_speakers_norm                                -0.3987485
latitude_norm:n_segments_norm                                    -0.9641083
latitude_norm:delta_norm                                         -2.6741990
log_n_speakers_norm:n_segments_norm                              -1.0595312
log_n_speakers_norm:delta_norm                                   -0.2809325
n_segments_norm:delta_norm                                       -0.3098450
longitude_norm:latitude_norm:log_n_speakers_norm                 -1.9741946
longitude_norm:latitude_norm:n_segments_norm                     -0.5022829
longitude_norm:latitude_norm:delta_norm                          -0.8948526
longitude_norm:log_n_speakers_norm:n_segments_norm               -0.9427555
longitude_norm:log_n_speakers_norm:delta_norm                    -0.8080995
longitude_norm:n_segments_norm:delta_norm                        -2.2821319
latitude_norm:log_n_speakers_norm:n_segments_norm                -1.7390119
latitude_norm:log_n_speakers_norm:delta_norm                     -1.8974676
latitude_norm:n_segments_norm:delta_norm                         -0.7492418
log_n_speakers_norm:n_segments_norm:delta_norm                   -0.1868544
longitude_norm:latitude_norm:log_n_speakers_norm:n_segments_norm -1.2121550
longitude_norm:latitude_norm:log_n_speakers_norm:delta_norm      -0.3616953
longitude_norm:latitude_norm:n_segments_norm:delta_norm          -1.0149062
longitude_norm:log_n_speakers_norm:n_segments_norm:delta_norm    -0.5320765
latitude_norm:log_n_speakers_norm:n_segments_norm:delta_norm     -0.1593089
                                                                  CI_upper
Intercept                                                        2.2905681
longitude_norm                                                   0.3165085
latitude_norm                                                    0.5929336
log_n_speakers_norm                                              0.4262306
n_segments_norm                                                  1.2464866
delta_norm                                                       0.6620771
longitude_norm:latitude_norm                                     0.3367779
longitude_norm:log_n_speakers_norm                               0.3345059
longitude_norm:n_segments_norm                                   2.7698161
longitude_norm:delta_norm                                        0.1637456
latitude_norm:log_n_speakers_norm                                0.8230790
latitude_norm:n_segments_norm                                    0.6605794
latitude_norm:delta_norm                                         0.2473428
log_n_speakers_norm:n_segments_norm                              0.3895750
log_n_speakers_norm:delta_norm                                   1.0811967
n_segments_norm:delta_norm                                       0.7651393
longitude_norm:latitude_norm:log_n_speakers_norm                 0.5848666
longitude_norm:latitude_norm:n_segments_norm                     2.4406770
longitude_norm:latitude_norm:delta_norm                          0.5658492
longitude_norm:log_n_speakers_norm:n_segments_norm               0.9934885
longitude_norm:log_n_speakers_norm:delta_norm                    0.7409881
longitude_norm:n_segments_norm:delta_norm                        0.4296744
latitude_norm:log_n_speakers_norm:n_segments_norm                0.3262496
latitude_norm:log_n_speakers_norm:delta_norm                     0.2422202
latitude_norm:n_segments_norm:delta_norm                         1.1357358
log_n_speakers_norm:n_segments_norm:delta_norm                   1.6119867
longitude_norm:latitude_norm:log_n_speakers_norm:n_segments_norm 2.6719099
longitude_norm:latitude_norm:log_n_speakers_norm:delta_norm      1.9681138
longitude_norm:latitude_norm:n_segments_norm:delta_norm          0.7698622
longitude_norm:log_n_speakers_norm:n_segments_norm:delta_norm    1.1724011
latitude_norm:log_n_speakers_norm:n_segments_norm:delta_norm     1.7174920

Bayes R²: 0.618 (95% CI: 0.157 - 0.978)
