═══════════════════════════════════════════════════════════════════
Running: tree=long_v3_CCD0.0.25, level=thirdorder
═══════════════════════════════════════════════════════════════════

Warning message:
package ‘Rcpp’ was built under R version 4.4.3 
Loading required package: foreach
Loading required package: iterators
Loading required package: parallel
Warning message:
package ‘iterators’ was built under R version 4.4.3 
Compiling Stan program...
Start sampling

SAMPLING FOR MODEL 'anon_model' NOW (CHAIN 1).
Chain 1: 
Chain 1: Gradient evaluation took 2.7e-05 seconds
Chain 1: 1000 transitions using 10 leapfrog steps per transition would take 0.27 seconds.
Chain 1: Adjust your expectations accordingly!
Chain 1: 
Chain 1: 
Chain 1: Iteration:    1 / 6000 [  0%]  (Warmup)

SAMPLING FOR MODEL 'anon_model' NOW (CHAIN 2).
Chain 2: 
Chain 2: Gradient evaluation took 2.3e-05 seconds
Chain 2: 1000 transitions using 10 leapfrog steps per transition would take 0.23 seconds.
Chain 2: Adjust your expectations accordingly!
Chain 2: 
Chain 2: 
Chain 2: Iteration:    1 / 6000 [  0%]  (Warmup)

SAMPLING FOR MODEL 'anon_model' NOW (CHAIN 3).
Chain 3: 
Chain 3: Gradient evaluation took 1.8e-05 seconds
Chain 3: 1000 transitions using 10 leapfrog steps per transition would take 0.18 seconds.
Chain 3: Adjust your expectations accordingly!
Chain 3: 
Chain 3: 
Chain 3: Iteration:    1 / 6000 [  0%]  (Warmup)

SAMPLING FOR MODEL 'anon_model' NOW (CHAIN 4).
Chain 4: 
Chain 4: Gradient evaluation took 2.1e-05 seconds
Chain 4: 1000 transitions using 10 leapfrog steps per transition would take 0.21 seconds.
Chain 4: Adjust your expectations accordingly!
Chain 4: 
Chain 4: 
Chain 4: Iteration:    1 / 6000 [  0%]  (Warmup)
Chain 2: Iteration:  500 / 6000 [  8%]  (Warmup)
Chain 1: Iteration:  500 / 6000 [  8%]  (Warmup)
Chain 4: Iteration:  500 / 6000 [  8%]  (Warmup)
Chain 3: Iteration:  500 / 6000 [  8%]  (Warmup)
Chain 4: Iteration: 1000 / 6000 [ 16%]  (Warmup)
Chain 1: Iteration: 1000 / 6000 [ 16%]  (Warmup)
Chain 4: Iteration: 1500 / 6000 [ 25%]  (Warmup)
Chain 4: Iteration: 2000 / 6000 [ 33%]  (Warmup)
Chain 4: Iteration: 2001 / 6000 [ 33%]  (Sampling)
Chain 4: Iteration: 2500 / 6000 [ 41%]  (Sampling)
Chain 4: Iteration: 3000 / 6000 [ 50%]  (Sampling)
Chain 3: Iteration: 1000 / 6000 [ 16%]  (Warmup)
Chain 1: Iteration: 1500 / 6000 [ 25%]  (Warmup)
Chain 4: Iteration: 3500 / 6000 [ 58%]  (Sampling)
Chain 4: Iteration: 4000 / 6000 [ 66%]  (Sampling)
Chain 3: Iteration: 1500 / 6000 [ 25%]  (Warmup)
Chain 4: Iteration: 4500 / 6000 [ 75%]  (Sampling)
Chain 4: Iteration: 5000 / 6000 [ 83%]  (Sampling)
Chain 4: Iteration: 5500 / 6000 [ 91%]  (Sampling)
Chain 4: Iteration: 6000 / 6000 [100%]  (Sampling)
Chain 4: 
Chain 4:  Elapsed Time: 2.909 seconds (Warm-up)
Chain 4:                6.757 seconds (Sampling)
Chain 4:                9.666 seconds (Total)
Chain 4: 
Chain 2: Iteration: 1000 / 6000 [ 16%]  (Warmup)
Chain 3: Iteration: 2000 / 6000 [ 33%]  (Warmup)
Chain 3: Iteration: 2001 / 6000 [ 33%]  (Sampling)
Chain 2: Iteration: 1500 / 6000 [ 25%]  (Warmup)
Chain 3: Iteration: 2500 / 6000 [ 41%]  (Sampling)
Chain 2: Iteration: 2000 / 6000 [ 33%]  (Warmup)
Chain 2: Iteration: 2001 / 6000 [ 33%]  (Sampling)
Chain 2: Iteration: 2500 / 6000 [ 41%]  (Sampling)
Chain 3: Iteration: 3000 / 6000 [ 50%]  (Sampling)
Chain 2: Iteration: 3000 / 6000 [ 50%]  (Sampling)
Chain 2: Iteration: 3500 / 6000 [ 58%]  (Sampling)
Chain 3: Iteration: 3500 / 6000 [ 58%]  (Sampling)
Chain 2: Iteration: 4000 / 6000 [ 66%]  (Sampling)
Chain 2: Iteration: 4500 / 6000 [ 75%]  (Sampling)
Chain 3: Iteration: 4000 / 6000 [ 66%]  (Sampling)
Chain 2: Iteration: 5000 / 6000 [ 83%]  (Sampling)
Chain 3: Iteration: 4500 / 6000 [ 75%]  (Sampling)
Chain 2: Iteration: 5500 / 6000 [ 91%]  (Sampling)
Chain 2: Iteration: 6000 / 6000 [100%]  (Sampling)
Chain 2: 
Chain 2:  Elapsed Time: 10.691 seconds (Warm-up)
Chain 2:                2.928 seconds (Sampling)
Chain 2:                13.619 seconds (Total)
Chain 2: 
Chain 3: Iteration: 5000 / 6000 [ 83%]  (Sampling)
Chain 3: Iteration: 5500 / 6000 [ 91%]  (Sampling)
Chain 3: Iteration: 6000 / 6000 [100%]  (Sampling)
Chain 3: 
Chain 3:  Elapsed Time: 9.794 seconds (Warm-up)
Chain 3:                5.521 seconds (Sampling)
Chain 3:                15.315 seconds (Total)
Chain 3: 
Chain 1: Iteration: 2000 / 6000 [ 33%]  (Warmup)
Chain 1: Iteration: 2001 / 6000 [ 33%]  (Sampling)
Chain 1: Iteration: 2500 / 6000 [ 41%]  (Sampling)
Chain 1: Iteration: 3000 / 6000 [ 50%]  (Sampling)
Chain 1: Iteration: 3500 / 6000 [ 58%]  (Sampling)
Chain 1: Iteration: 4000 / 6000 [ 66%]  (Sampling)
Chain 1: Iteration: 4500 / 6000 [ 75%]  (Sampling)
Chain 1: Iteration: 5000 / 6000 [ 83%]  (Sampling)
Chain 1: Iteration: 5500 / 6000 [ 91%]  (Sampling)
Chain 1: Iteration: 6000 / 6000 [100%]  (Sampling)
Chain 1: 
Chain 1:  Elapsed Time: 26.281 seconds (Warm-up)
Chain 1:                32.481 seconds (Sampling)
Chain 1:                58.762 seconds (Total)
Chain 1: 
Warning messages:
1: There were 94 divergent transitions after warmup. See
https://mc-stan.org/misc/warnings.html#divergent-transitions-after-warmup
to find out why this is a problem and how to eliminate them. 
2: There were 4 chains where the estimated Bayesian Fraction of Missing Information was low. See
https://mc-stan.org/misc/warnings.html#bfmi-low 
3: Examine the pairs() plot to diagnose sampling problems
 
4: Bulk Effective Samples Size (ESS) is too low, indicating posterior means and medians may be unreliable.
Running the chains for more iterations may help. See
https://mc-stan.org/misc/warnings.html#bulk-ess 
5: Tail Effective Samples Size (ESS) is too low, indicating posterior variances and tail quantiles may be unreliable.
Running the chains for more iterations may help. See
https://mc-stan.org/misc/warnings.html#tail-ess 
Divergent transitions: 94 (0.59%)
Warning message:
There were 94 divergent transitions after warmup. Increasing adapt_delta above 0.99 may help. See http://mc-stan.org/misc/warnings.html#divergent-transitions-after-warmup 
Max Rhat: 1.001 | Min Bulk ESS: 5467 | Min Tail ESS: 6458

Posterior summaries:
                                                       Estimate Est.Error
Intercept                                           1.943322472 0.3364658
longitude_norm                                     -0.290112631 0.3642586
latitude_norm                                      -0.145684161 0.2034439
log_n_speakers_norm                                 0.029938369 0.3475010
n_segments_norm                                    -0.035250875 0.1998963
delta_norm                                         -0.015527445 0.1781625
longitude_norm:latitude_norm                       -0.044047206 0.2819631
longitude_norm:log_n_speakers_norm                  0.104054994 0.2480092
longitude_norm:n_segments_norm                     -0.061712286 0.2676160
longitude_norm:delta_norm                          -0.107388347 0.2748441
latitude_norm:log_n_speakers_norm                  -0.003842033 0.2028479
latitude_norm:n_segments_norm                      -0.172773417 0.2471585
latitude_norm:delta_norm                           -0.063118950 0.3796296
log_n_speakers_norm:n_segments_norm                -0.084226341 0.1746527
log_n_speakers_norm:delta_norm                      0.131268413 0.1874346
n_segments_norm:delta_norm                          0.142542102 0.1717223
longitude_norm:latitude_norm:log_n_speakers_norm    0.109888228 0.3117213
longitude_norm:latitude_norm:n_segments_norm        0.073309717 0.3402936
longitude_norm:latitude_norm:delta_norm            -0.054751148 0.2657141
longitude_norm:log_n_speakers_norm:n_segments_norm  0.121212438 0.2814159
longitude_norm:log_n_speakers_norm:delta_norm      -0.044082713 0.2143044
longitude_norm:n_segments_norm:delta_norm          -0.242043347 0.5231967
latitude_norm:log_n_speakers_norm:n_segments_norm  -0.167443071 0.3267204
latitude_norm:log_n_speakers_norm:delta_norm       -0.092401130 0.3201537
latitude_norm:n_segments_norm:delta_norm           -0.045120209 0.2424913
log_n_speakers_norm:n_segments_norm:delta_norm      0.191854085 0.2884968
                                                     CI_lower  CI_upper
Intercept                                           1.2710963 2.6068258
longitude_norm                                     -1.0105758 0.4492269
latitude_norm                                      -0.5456188 0.2673183
log_n_speakers_norm                                -0.6522288 0.7195977
n_segments_norm                                    -0.4346990 0.3604086
delta_norm                                         -0.3699798 0.3382835
longitude_norm:latitude_norm                       -0.6032389 0.5176780
longitude_norm:log_n_speakers_norm                 -0.3937752 0.5979065
longitude_norm:n_segments_norm                     -0.5917323 0.4857100
longitude_norm:delta_norm                          -0.6533492 0.4411939
latitude_norm:log_n_speakers_norm                  -0.4094901 0.3978450
latitude_norm:n_segments_norm                      -0.6633744 0.3223404
latitude_norm:delta_norm                           -0.8118831 0.6932392
log_n_speakers_norm:n_segments_norm                -0.4282121 0.2623968
log_n_speakers_norm:delta_norm                     -0.2426971 0.5073055
n_segments_norm:delta_norm                         -0.2009372 0.4821269
longitude_norm:latitude_norm:log_n_speakers_norm   -0.5178387 0.7303600
longitude_norm:latitude_norm:n_segments_norm       -0.6090365 0.7453893
longitude_norm:latitude_norm:delta_norm            -0.5814420 0.4744720
longitude_norm:log_n_speakers_norm:n_segments_norm -0.4406574 0.6793483
longitude_norm:log_n_speakers_norm:delta_norm      -0.4687661 0.3817694
longitude_norm:n_segments_norm:delta_norm          -1.2547218 0.8045239
latitude_norm:log_n_speakers_norm:n_segments_norm  -0.8214116 0.4804227
latitude_norm:log_n_speakers_norm:delta_norm       -0.7294232 0.5431375
latitude_norm:n_segments_norm:delta_norm           -0.5249466 0.4411635
log_n_speakers_norm:n_segments_norm:delta_norm     -0.3796842 0.7666721

Bayes R²: 0.623 (95% CI: 0.170 - 0.983)
