═══════════════════════════════════════════════════════════════════
Running: tree=long_v3_CCD0.0.25, level=fifthorder
═══════════════════════════════════════════════════════════════════

Warning message:
package ‘Rcpp’ was built under R version 4.4.3 
Loading required package: foreach
Loading required package: iterators
Loading required package: parallel
Warning message:
package ‘iterators’ was built under R version 4.4.3 
Compiling Stan program...
Start sampling

SAMPLING FOR MODEL 'anon_model' NOW (CHAIN 1).
Chain 1: 
Chain 1: Gradient evaluation took 3.5e-05 seconds
Chain 1: 1000 transitions using 10 leapfrog steps per transition would take 0.35 seconds.
Chain 1: Adjust your expectations accordingly!
Chain 1: 
Chain 1: 
Chain 1: Iteration:    1 / 6000 [  0%]  (Warmup)

SAMPLING FOR MODEL 'anon_model' NOW (CHAIN 3).
Chain 3: 
Chain 3: Gradient evaluation took 2.7e-05 seconds
Chain 3: 1000 transitions using 10 leapfrog steps per transition would take 0.27 seconds.
Chain 3: Adjust your expectations accordingly!
Chain 3: 
Chain 3: 
Chain 3: Iteration:    1 / 6000 [  0%]  (Warmup)


SAMPLINGSAMPLING FOR MODEL ' FOR MODEL 'anon_modelanon_model' NOW (CHAIN ' NOW (CHAIN 24).
).
Chain 4: 
Chain 4: Gradient evaluation took 6.8e-05 seconds
Chain 4: 1000 transitions using 10 leapfrog steps per transition would take 0.68 seconds.
Chain 4: Adjust your expectations accordingly!
Chain 4: 
Chain 4: 
Chain 2: 
Chain 2: Gradient evaluation took 3.9e-05 seconds
Chain 2: 1000 transitions using 10 leapfrog steps per transition would take 0.39 seconds.
Chain 2: Adjust your expectations accordingly!
Chain 2: 
Chain 2: 
Chain 2: Iteration:    1 / 6000 [  0%]  (Warmup)
Chain 4: Iteration:    1 / 6000 [  0%]  (Warmup)
Chain 2: Iteration:  500 / 6000 [  8%]  (Warmup)
Chain 4: Iteration:  500 / 6000 [  8%]  (Warmup)
Chain 3: Iteration:  500 / 6000 [  8%]  (Warmup)
Chain 2: Iteration: 1000 / 6000 [ 16%]  (Warmup)
Chain 2: Iteration: 1500 / 6000 [ 25%]  (Warmup)
Chain 4: Iteration: 1000 / 6000 [ 16%]  (Warmup)
Chain 2: Iteration: 2000 / 6000 [ 33%]  (Warmup)
Chain 2: Iteration: 2001 / 6000 [ 33%]  (Sampling)
Chain 4: Iteration: 1500 / 6000 [ 25%]  (Warmup)
Chain 4: Iteration: 2000 / 6000 [ 33%]  (Warmup)
Chain 4: Iteration: 2001 / 6000 [ 33%]  (Sampling)
Chain 4: Iteration: 2500 / 6000 [ 41%]  (Sampling)
Chain 1: Iteration:  500 / 6000 [  8%]  (Warmup)
Chain 4: Iteration: 3000 / 6000 [ 50%]  (Sampling)
Chain 1: Iteration: 1000 / 6000 [ 16%]  (Warmup)
Chain 2: Iteration: 2500 / 6000 [ 41%]  (Sampling)
Chain 1: Iteration: 1500 / 6000 [ 25%]  (Warmup)
Chain 1: Iteration: 2000 / 6000 [ 33%]  (Warmup)
Chain 1: Iteration: 2001 / 6000 [ 33%]  (Sampling)
Chain 4: Iteration: 3500 / 6000 [ 58%]  (Sampling)
Chain 1: Iteration: 2500 / 6000 [ 41%]  (Sampling)
Chain 4: Iteration: 4000 / 6000 [ 66%]  (Sampling)
Chain 1: Iteration: 3000 / 6000 [ 50%]  (Sampling)
Chain 1: Iteration: 3500 / 6000 [ 58%]  (Sampling)
Chain 4: Iteration: 4500 / 6000 [ 75%]  (Sampling)
Chain 2: Iteration: 3000 / 6000 [ 50%]  (Sampling)
Chain 1: Iteration: 4000 / 6000 [ 66%]  (Sampling)
Chain 4: Iteration: 5000 / 6000 [ 83%]  (Sampling)
Chain 1: Iteration: 4500 / 6000 [ 75%]  (Sampling)
Chain 4: Iteration: 5500 / 6000 [ 91%]  (Sampling)
Chain 1: Iteration: 5000 / 6000 [ 83%]  (Sampling)
Chain 1: Iteration: 5500 / 6000 [ 91%]  (Sampling)
Chain 4: Iteration: 6000 / 6000 [100%]  (Sampling)
Chain 4: 
Chain 4:  Elapsed Time: 5.438 seconds (Warm-up)
Chain 4:                9.261 seconds (Sampling)
Chain 4:                14.699 seconds (Total)
Chain 4: 
Chain 1: Iteration: 6000 / 6000 [100%]  (Sampling)
Chain 1: 
Chain 1:  Elapsed Time: 9.336 seconds (Warm-up)
Chain 1:                5.947 seconds (Sampling)
Chain 1:                15.283 seconds (Total)
Chain 1: 
Chain 2: Iteration: 3500 / 6000 [ 58%]  (Sampling)
Chain 3: Iteration: 1000 / 6000 [ 16%]  (Warmup)
Chain 2: Iteration: 4000 / 6000 [ 66%]  (Sampling)
Chain 2: Iteration: 4500 / 6000 [ 75%]  (Sampling)
Chain 3: Iteration: 1500 / 6000 [ 25%]  (Warmup)
Chain 3: Iteration: 2000 / 6000 [ 33%]  (Warmup)
Chain 3: Iteration: 2001 / 6000 [ 33%]  (Sampling)
Chain 2: Iteration: 5000 / 6000 [ 83%]  (Sampling)
Chain 2: Iteration: 5500 / 6000 [ 91%]  (Sampling)
Chain 3: Iteration: 2500 / 6000 [ 41%]  (Sampling)
Chain 2: Iteration: 6000 / 6000 [100%]  (Sampling)
Chain 2: 
Chain 2:  Elapsed Time: 4.317 seconds (Warm-up)
Chain 2:                28.685 seconds (Sampling)
Chain 2:                33.002 seconds (Total)
Chain 2: 
Chain 3: Iteration: 3000 / 6000 [ 50%]  (Sampling)
Chain 3: Iteration: 3500 / 6000 [ 58%]  (Sampling)
Chain 3: Iteration: 4000 / 6000 [ 66%]  (Sampling)
Chain 3: Iteration: 4500 / 6000 [ 75%]  (Sampling)
Chain 3: Iteration: 5000 / 6000 [ 83%]  (Sampling)
Chain 3: Iteration: 5500 / 6000 [ 91%]  (Sampling)
Chain 3: Iteration: 6000 / 6000 [100%]  (Sampling)
Chain 3: 
Chain 3:  Elapsed Time: 25.535 seconds (Warm-up)
Chain 3:                27.621 seconds (Sampling)
Chain 3:                53.156 seconds (Total)
Chain 3: 
Warning messages:
1: There were 74 divergent transitions after warmup. See
https://mc-stan.org/misc/warnings.html#divergent-transitions-after-warmup
to find out why this is a problem and how to eliminate them. 
2: There were 4 chains where the estimated Bayesian Fraction of Missing Information was low. See
https://mc-stan.org/misc/warnings.html#bfmi-low 
3: Examine the pairs() plot to diagnose sampling problems
 
4: Bulk Effective Samples Size (ESS) is too low, indicating posterior means and medians may be unreliable.
Running the chains for more iterations may help. See
https://mc-stan.org/misc/warnings.html#bulk-ess 
5: Tail Effective Samples Size (ESS) is too low, indicating posterior variances and tail quantiles may be unreliable.
Running the chains for more iterations may help. See
https://mc-stan.org/misc/warnings.html#tail-ess 
Divergent transitions: 74 (0.46%)
Warning message:
There were 74 divergent transitions after warmup. Increasing adapt_delta above 0.99 may help. See http://mc-stan.org/misc/warnings.html#divergent-transitions-after-warmup 
Max Rhat: 1.002 | Min Bulk ESS: 11755 | Min Tail ESS: 8092

Posterior summaries:
                                                                               Estimate
Intercept                                                                    1.26118101
longitude_norm                                                              -0.67005059
latitude_norm                                                                0.01174203
log_n_speakers_norm                                                         -0.66209936
n_segments_norm                                                              0.51295063
delta_norm                                                                   0.15441078
longitude_norm:latitude_norm                                                -0.90342152
longitude_norm:log_n_speakers_norm                                          -0.55944142
longitude_norm:n_segments_norm                                               1.25636319
longitude_norm:delta_norm                                                   -0.68594751
latitude_norm:log_n_speakers_norm                                            0.21081998
latitude_norm:n_segments_norm                                               -0.14645453
latitude_norm:delta_norm                                                    -1.26332040
log_n_speakers_norm:n_segments_norm                                         -0.32646516
log_n_speakers_norm:delta_norm                                               0.40759034
n_segments_norm:delta_norm                                                   0.23139755
longitude_norm:latitude_norm:log_n_speakers_norm                            -0.74167587
longitude_norm:latitude_norm:n_segments_norm                                 1.00761361
longitude_norm:latitude_norm:delta_norm                                     -0.19513807
longitude_norm:log_n_speakers_norm:n_segments_norm                           0.05258608
longitude_norm:log_n_speakers_norm:delta_norm                               -0.02023641
longitude_norm:n_segments_norm:delta_norm                                   -0.97168871
latitude_norm:log_n_speakers_norm:n_segments_norm                           -0.71934067
latitude_norm:log_n_speakers_norm:delta_norm                                -0.85896532
latitude_norm:n_segments_norm:delta_norm                                     0.20158728
log_n_speakers_norm:n_segments_norm:delta_norm                               0.77423462
longitude_norm:latitude_norm:log_n_speakers_norm:n_segments_norm             0.76360014
longitude_norm:latitude_norm:log_n_speakers_norm:delta_norm                  0.81702296
longitude_norm:latitude_norm:n_segments_norm:delta_norm                     -0.14112053
longitude_norm:log_n_speakers_norm:n_segments_norm:delta_norm                0.35194269
latitude_norm:log_n_speakers_norm:n_segments_norm:delta_norm                 0.78239917
longitude_norm:latitude_norm:log_n_speakers_norm:n_segments_norm:delta_norm  0.05394007
                                                                            Est.Error
Intercept                                                                   0.6000961
longitude_norm                                                              0.5928512
latitude_norm                                                               0.3096286
log_n_speakers_norm                                                         0.6784896
n_segments_norm                                                             0.3913933
delta_norm                                                                  0.2890659
longitude_norm:latitude_norm                                                0.6924027
longitude_norm:log_n_speakers_norm                                          0.5487797
longitude_norm:n_segments_norm                                              0.8324948
longitude_norm:delta_norm                                                   0.5835517
latitude_norm:log_n_speakers_norm                                           0.3434192
latitude_norm:n_segments_norm                                               0.4572536
latitude_norm:delta_norm                                                    0.8462310
log_n_speakers_norm:n_segments_norm                                         0.4163715
log_n_speakers_norm:delta_norm                                              0.4584927
n_segments_norm:delta_norm                                                  0.2999901
longitude_norm:latitude_norm:log_n_speakers_norm                            0.7310437
longitude_norm:latitude_norm:n_segments_norm                                0.7880476
longitude_norm:latitude_norm:delta_norm                                     0.5268327
longitude_norm:log_n_speakers_norm:n_segments_norm                          0.6430864
longitude_norm:log_n_speakers_norm:delta_norm                               0.5317860
longitude_norm:n_segments_norm:delta_norm                                   1.2503382
latitude_norm:log_n_speakers_norm:n_segments_norm                           0.5928527
latitude_norm:log_n_speakers_norm:delta_norm                                0.6547149
latitude_norm:n_segments_norm:delta_norm                                    0.5115827
log_n_speakers_norm:n_segments_norm:delta_norm                              1.0700837
longitude_norm:latitude_norm:log_n_speakers_norm:n_segments_norm            1.0577002
longitude_norm:latitude_norm:log_n_speakers_norm:delta_norm                 0.6363694
longitude_norm:latitude_norm:n_segments_norm:delta_norm                     0.6852138
longitude_norm:log_n_speakers_norm:n_segments_norm:delta_norm               0.8580880
latitude_norm:log_n_speakers_norm:n_segments_norm:delta_norm                0.5150293
longitude_norm:latitude_norm:log_n_speakers_norm:n_segments_norm:delta_norm 1.0403862
                                                                               CI_lower
Intercept                                                                    0.06398079
longitude_norm                                                              -1.84414536
latitude_norm                                                               -0.61573887
log_n_speakers_norm                                                         -2.03100706
n_segments_norm                                                             -0.28482668
delta_norm                                                                  -0.43268788
longitude_norm:latitude_norm                                                -2.25941904
longitude_norm:log_n_speakers_norm                                          -1.66349317
longitude_norm:n_segments_norm                                              -0.50440005
longitude_norm:delta_norm                                                   -1.86450169
latitude_norm:log_n_speakers_norm                                           -0.49181483
latitude_norm:n_segments_norm                                               -1.04359197
latitude_norm:delta_norm                                                    -2.92172221
log_n_speakers_norm:n_segments_norm                                         -1.15299072
log_n_speakers_norm:delta_norm                                              -0.51371806
n_segments_norm:delta_norm                                                  -0.38342985
longitude_norm:latitude_norm:log_n_speakers_norm                            -2.19460036
longitude_norm:latitude_norm:n_segments_norm                                -0.62855134
longitude_norm:latitude_norm:delta_norm                                     -1.27907851
longitude_norm:log_n_speakers_norm:n_segments_norm                          -1.23577771
longitude_norm:log_n_speakers_norm:delta_norm                               -1.06954197
longitude_norm:n_segments_norm:delta_norm                                   -3.48230126
latitude_norm:log_n_speakers_norm:n_segments_norm                           -1.90393918
latitude_norm:log_n_speakers_norm:delta_norm                                -2.17542630
latitude_norm:n_segments_norm:delta_norm                                    -0.86175616
log_n_speakers_norm:n_segments_norm:delta_norm                              -1.38470318
longitude_norm:latitude_norm:log_n_speakers_norm:n_segments_norm            -1.42816396
longitude_norm:latitude_norm:log_n_speakers_norm:delta_norm                 -0.49316929
longitude_norm:latitude_norm:n_segments_norm:delta_norm                     -1.53777150
longitude_norm:log_n_speakers_norm:n_segments_norm:delta_norm               -1.36965360
latitude_norm:log_n_speakers_norm:n_segments_norm:delta_norm                -0.31638654
longitude_norm:latitude_norm:log_n_speakers_norm:n_segments_norm:delta_norm -2.02219711
                                                                             CI_upper
Intercept                                                                   2.4955520
longitude_norm                                                              0.5269575
latitude_norm                                                               0.6465010
log_n_speakers_norm                                                         0.7139139
n_segments_norm                                                             1.2776542
delta_norm                                                                  0.7281353
longitude_norm:latitude_norm                                                0.5353627
longitude_norm:log_n_speakers_norm                                          0.5790756
longitude_norm:n_segments_norm                                              2.8782417
longitude_norm:delta_norm                                                   0.5111356
latitude_norm:log_n_speakers_norm                                           0.9008858
latitude_norm:n_segments_norm                                               0.7736931
latitude_norm:delta_norm                                                    0.4756173
log_n_speakers_norm:n_segments_norm                                         0.5400658
log_n_speakers_norm:delta_norm                                              1.3425397
n_segments_norm:delta_norm                                                  0.8229159
longitude_norm:latitude_norm:log_n_speakers_norm                            0.7561694
longitude_norm:latitude_norm:n_segments_norm                                2.5768968
longitude_norm:latitude_norm:delta_norm                                     0.8514012
longitude_norm:log_n_speakers_norm:n_segments_norm                          1.3744231
longitude_norm:log_n_speakers_norm:delta_norm                               1.0754014
longitude_norm:n_segments_norm:delta_norm                                   1.5362692
latitude_norm:log_n_speakers_norm:n_segments_norm                           0.4720123
latitude_norm:log_n_speakers_norm:delta_norm                                0.4778219
latitude_norm:n_segments_norm:delta_norm                                    1.2218585
log_n_speakers_norm:n_segments_norm:delta_norm                              2.9513645
longitude_norm:latitude_norm:log_n_speakers_norm:n_segments_norm            2.8484884
longitude_norm:latitude_norm:log_n_speakers_norm:delta_norm                 2.0818660
longitude_norm:latitude_norm:n_segments_norm:delta_norm                     1.2508814
longitude_norm:log_n_speakers_norm:n_segments_norm:delta_norm               2.0940739
latitude_norm:log_n_speakers_norm:n_segments_norm:delta_norm                1.7942835
longitude_norm:latitude_norm:log_n_speakers_norm:n_segments_norm:delta_norm 2.1756294

Bayes R²: 0.618 (95% CI: 0.165 - 0.981)
